t2 ⋈order ->#W6247578: X
t2 ⋈order ->#W9711842: X
t2 ⋈order ->#W4776164: X
t2 ⋈order ->#W6679257: X
t3 ⋈order ->#W9711842: X
t3 ⋈order ->#W6679257: X
t3 ⋈order ->#W2378156: X
t4 ⋈order ->#W9711842: X
t4 ⋈order ->#W6679257: X
t4 ⋈order ->#W2378156: X
t6 variant 8384507844->7453605304: X 6805564527
t7 variant 8384507844->1569765161: X 5320792178
t9 variant 8384507844->7624783998: X 4385534692
t11 ⋈order ->#W7387996: X
t12 ⋈order ->#W7387996: X
t13 ⋈order ->#W7387996: X
t15 ⋈order ->#W9389413: X
t15 ⋈order ->#W8665881: X
t16 ⋈order ->#W5199551: X
t16 ⋈order ->#W8665881: X
t17 ⋈order ->#W5199551: X
t17 ⋈order ->#W9389413: X
t19 ⋈order ->#W1267569: X
t20 variant 2366567022->4579334072: X 7661609223
t20 variant 1340995114->1151293680: X 7706410293
t20 variant 1763705424->2882812427: X 5012998807
t20 ⋈order ->#W4967593: X
t20 ⋈order ->#W5733668: X
t21 ⋈order ->#W4967593: X
t21 ⋈order ->#W5733668: X
t22 ⋈order ->#W4967593: X
t22 ⋈order ->#W5733668: X
t23 variant 5946177616->7082455361: X 5946177616
t23 ⋈order ->#W9609649: X
t25 ⋈order ->#W3792453: X
t25 ⋈order ->#W7181492: X
t25 ⋈order ->#W2575533: X
t26 ⋈order ->#W3792453: X
t26 ⋈order ->#W7181492: X
t26 ⋈order ->#W2575533: X
t27 ⋈order ->#W3792453: X
t28 ⋈order ->#W3792453: X
t28 ⋈order ->#W7181492: X
t28 ⋈order ->#W5565470: X
t29 variant 5753502325->5206946487: X 3230708338
t29 ⋈order ->#W3792453: X
t30 ⋈order ->#W9319364: X
t30 ⋈order ->#W9373487: X
t30 ⋈order ->#W5481803: X
t30 ⋈order ->#W7449508: X
t31 ⋈order ->#W9319364: X
t31 ⋈order ->#W9373487: X
t31 ⋈order ->#W5481803: X
t31 ⋈order ->#W7449508: X
t32 ⋈order ->#W9319364: X
t32 ⋈order ->#W9373487: X
t32 ⋈order ->#W5481803: X
t32 ⋈order ->#W7449508: X
t33 ⋈order ->#W6111398: X
t33 ⋈order ->#W7043598: X
t34 ⋈order ->#W6111398: X
t34 ⋈order ->#W7043598: X
t35 variant 1684786391->5052031638: X 6056040996
t35 ⋈order ->#W9672333: X
t36 variant 3799046073->3234800602: X 9354168549
t37 variant 7453605304->5320792178: X 1569765161
t37 variant 3799046073->3234800602: X 9354168549
t41 ⋈order ->#W9583042: X
t42 ⋈order ->#W9583042: X
t43 ⋈order ->#W1588712: X
t45 ⋈order ->#W9502127: X
t46 ⋈order ->#W9502127: X
t47 ⋈order ->#W9502127: X
t48 ⋈order ->#W1436802: X
t48 ⋈order ->#W5282037: X
t49 variant 2757705742->1646531091: X 8555936349
t49 ⋈order ->#W4316152: X
t49 ⋈order ->#W9311069: X
t49 ⋈order ->#W9300146: X
t49 ⋈order ->#W3220203: X
t51 ⋈order ->#W8855135: X
t53 ⋈order ->#W4689314: X
t53 ⋈order ->#W8855135: X
t54 ⋈order ->#W2586676: X
t54 ⋈order ->#W5400801: X
t54 ⋈order ->#W4597054: X
t54 ⋈order ->#W4836353: X
t54 ⋈order ->#W7342738: X
t55 ⋈order ->#W2586676: X
t55 ⋈order ->#W5400801: X
t55 ⋈order ->#W4836353: X
t55 ⋈order ->#W7342738: X
t56 ⋈order ->#W5838674: X
t56 ⋈order ->#W2782744: X
t59 ⋈order ->#W8268610: X
t60 ⋈order ->#W5061109: X
t61 ⋈order ->#W5061109: X
t62 ⋈order ->#W5797164: X
t63 ⋈order ->#W5797164: X
t64 variant 1810466394->6700049080: X 6117189161
t64 variant 1810466394->6700049080: X 6117189161
t64 ⋈order ->#W8499625: X
t64 ⋈order ->#W1279004: X
t66 ⋈order ->#W3586556: X
t67 ⋈order ->#W6729841: X
t68 ⋈order ->#W6729841: X
t74 ⋈order ->#W3189752: X
t76 ⋈order ->#W1242543: X
t78 ⋈order ->#W5995614: X
t79 variant 3453331371->2439754078: X 7661609223
t87 ⋈order ->#W2166301: X
t87 ⋈order ->#W2466703: X
t87 ⋈order ->#W6832752: X
t91 variant 9494281769->7609274509: X 9494281769
t92 ⋈order ->#W3239882: X
t93 variant 2216662955->9844888101: X 6017636844
t93 ⋈order ->#W4073673: X
t94 variant 3478699712->9844888101: X 6017636844
t95 variant 3478699712->9844888101: X 6017636844
t98 variant 5996159312->8363011723: X 4326528037
t98 ⋈order ->#W4689314: X
t98 ⋈order ->#W8855135: X
t99 variant 5996159312->8363011723: X 4326528037
t99 ⋈order ->#W4689314: X
t100 ⋈order ->#W8488728: X
t101 ⋈order ->#W6729841: X
t102 ⋈order ->#W3445693: X
t103 variant 5209958006->8964750292: X 9956648681
t103 ⋈order ->#W9218746: X
t103 ⋈order ->#W4860251: X
t105 variant 7292993796->9647374798: X 3761330360
t107 ⋈order ->#W8353027: X
t110 variant 6501071631->2106335193: X 4913411651
t110 ⋈order ->#W1092119: X
t111 ⋈order ->#W9810810: X
t112 ⋈order ->#W9810810: X
=== isolated variant-pick n=88 · 정답 63/88 (72%) ===

실패 25건 분류:
   13  explicit-spec/기타(criterion-formalize)
    6  복합/예산기준(probe under-spec·cross-item)
    6  단순 argmax/argmin인데 틀림(compute-offloadable·model 규칙적용 실패)

model-pick이 argmax-price: 5/88 · argmin-price: 15/88
gold가 argmax: 9 · argmin: 18 · 둘다아님: 61
gold 변형 available=False(불가피 실패?): 0

단순기준(non-compound/budget) 정답률: 56/75 (75%)
복합/예산기준 정답률: 7/13 (54%)

=== isolated ⋈ order-pick n=219 · 정답 108/219 (49%) ===
  (orders>=3인 어려운 케이스: 87/188)

=== ★전체 operand-pick(변형+⋈) n=307 · 정답 171/307 (56%) ===
