### x423 v2
====================================================================================================
x423 · 선택 격리 · 사례 40 (고유 task/arg 24) · 팔 4 · n=3 · 포트 8141
스키마 슬라이스 있음 40 / 정책 슬라이스 있음 33
====================================================================================================
작업 600건
  ... 40/598
  ... 80/598
  ... 120/598
  ... 160/598
  ... 200/598
  ... 240/598
  ... 280/598
  ... 320/598
  ... 360/598
  ... 400/598
  ... 440/598
  ... 480/598
  ... 520/598
  ... 560/598
  ... 600/600

## 팔별 (gold 적중 / 라이브 오답 재현 / 파싱)
arm             n        HIT  LIVE-REPEAT   PARSED
C_neg         120      0.108        0.017    1.000
A_schema      120      0.075        0.100    1.000
B_policy      120      0.150        0.075    1.000
D_live        120      0.142        0.317    1.000
E_evidence    120      0.258        0.250    1.000

## 인자별 B_policy 적중
   task_003  card_type                      0/6
   task_024  card_type                      0/6
   task_040  card_action                    6/6
   task_040  contacted_merchant             0/6
   task_040  dispute_reason                 0/6
   task_040  eligible_for_provisional_credi 3/6
   task_040  purchase_date                  0/6
   task_040  transaction_id                 0/6
   task_055  account_class                  0/6
   task_055  account_id                     0/3
   task_055  account_type                   6/6
   task_057  account_class                  0/6
   task_063  account_class                  0/6
   task_063  card_type                      0/3
   task_074  account_id                     0/6
   task_079  account_id                     0/6
   task_079  card_design                    0/6
   task_079  card_id                        0/3
   task_079  delivery_option                0/6
   task_085  account_id                     0/3
   task_085  card_id                        0/3
   task_085  discovery_date                 0/3
   task_085  provisional_credit_eligible    3/3
   task_085  transaction_id                 0/3

→ /home/woori/workspace_common/boltzmann-attention-pi/reports/facet_rft_2026/x423_choice_isolation.json
### x424 v2
====================================================================================================
x424 · formalize→calc · 사례 24 (고유 task/arg 13) · 팔 3 · n=3 · 포트 8141
====================================================================================================
작업 360건
  ... 30/358
  ... 60/358
  ... 90/358
  ... 120/358
  ... 150/358
  ... 180/358
  ... 210/358
  ... 240/358
  ... 270/358
  ... 300/358
  ... 330/358
  ... 360/360

## 팔별 (gold 수치 일치 / 파싱)
arm               n      HIT   PARSED
C_neg            72    0.042    1.000
A_direct         72    0.042    1.000
B_formalize      72    0.000    0.944
E_direct_full     72    0.042    1.000
F_formalize_full     72    0.042    1.000

## 짝 비교 (같은 사례·같은 k 에서 B 대 A)
   A_direct         vs B_formalize      짝  51 · 형식화만 성공 0 · 직답만 성공 3 · 둘다 0
   E_direct_full    vs F_formalize_full 짝  51 · 형식화만 성공 0 · 직답만 성공 0 · 둘다 3

## 태스크별 (B_formalize)
   task_040  card_last_4_digits     0/6   식 예: 1652
   task_072  amount                 0/3   식 예: 12.00 + 3.50
   task_074  amount                 0/6   식 예: 1.00 * 4
   task_079  delivery_fee           0/6   식 예: 0
   task_085  customer_max_liability 3/3   식 예: 50
   task_093  actual_apy             0/6   식 예: 4.0 + 0.18
   task_093  amount                 0/6   식 예: 144000.0 * (2.95 - 3.33) / 100 / 12
   task_093  amount_difference      0/6   식 예: 144000.00 * (4.0 / 100 / 12)
   task_093  expected_apy           0/6   식 예: 4.0 + 0.18
   task_094  actual_apy             0/6   식 예: 96000.00 * 0.06 / 12
   task_094  amount                 0/6   식 예: 96000 * (6.0 / 100 / 12) - 408
   task_094  amount_difference      0/6   식 예: 96000 * (6.0 / 100) / 12 - 408
   task_094  expected_apy           0/6   식 예: 96000.00 * 0.06 / 12

→ /home/woori/workspace_common/boltzmann-attention-pi/reports/facet_rft_2026/x424_formalize_calc.json
### DONE2
