====================================================================================================
x435 · 코퍼스 전수 채우기 · 클래스 56 · 문서 698
====================================================================================================
  ★횡단 회수 bluest_account           min_age                      ← doc_bank_accounts_bank_accounts_(general)_001
  ★횡단 회수 bluest_account           max_age                      ← doc_bank_accounts_bank_accounts_(general)_031
  bluest_account                 물어본문서  66(자기 10·횡단 56) · 빈칸 10 → 채움  3
  ★횡단 회수 evergreen_account        min_age                      ← doc_bank_accounts_bank_accounts_(general)_001
  ★횡단 회수 evergreen_account        max_age                      ← doc_bank_accounts_bank_accounts_(general)_031
  evergreen_account              물어본문서  64(자기  8·횡단 56) · 빈칸  9 → 채움  3
  ★횡단 회수 green_fee-free_account   min_age                      ← doc_bank_accounts_bank_accounts_(general)_001
  ★횡단 회수 green_fee-free_account   max_age                      ← doc_bank_accounts_bank_accounts_(general)_031
  green_fee-free_account         물어본문서  63(자기  7·횡단 56) · 빈칸  8 → 채움  3
  ★횡단 회수 purple_account           min_age                      ← doc_bank_accounts_bank_accounts_(general)_001
  ★횡단 회수 purple_account           max_age                      ← doc_bank_accounts_bank_accounts_(general)_031
  purple_account                 물어본문서  68(자기 12·횡단 56) · 빈칸 10 → 채움  4
  ★횡단 회수 gold_account             min_age                      ← doc_bank_accounts_bank_accounts_(general)_001
  ★횡단 회수 gold_account             max_age                      ← doc_bank_accounts_bank_accounts_(general)_031
  gold_account                   물어본문서  61(자기 14·횡단 47) · 빈칸 12 → 채움  2
  ★횡단 회수 platinum_account         min_age                      ← doc_bank_accounts_bank_accounts_(general)_001
  ★횡단 회수 platinum_account         max_age                      ← doc_bank_accounts_bank_accounts_(general)_031
  platinum_account               물어본문서  57(자기 10·횡단 47) · 빈칸 14 → 채움  3
  ★횡단 회수 silver_plus_account      min_age                      ← doc_bank_accounts_bank_accounts_(general)_001
  ★횡단 회수 silver_plus_account      max_age                      ← doc_bank_accounts_bank_accounts_(general)_031
  silver_plus_account            물어본문서  56(자기  9·횡단 47) · 빈칸 13 → 채움  2
  ★횡단 회수 hunter_green             min_age                      ← doc_bank_accounts_bank_accounts_(general)_001
  ★횡단 회수 hunter_green             max_age                      ← doc_bank_accounts_bank_accounts_(general)_031
  hunter_green                   물어본문서  57(자기 10·횡단 47) · 빈칸  9 → 채움  5
  sky_blue                       물어본문서  57(자기 10·횡단 47) · 빈칸 11 → 채움  4
  ★횡단 회수 automatic_sweep_program  min_age                      ← doc_bank_accounts_bank_accounts_(general)_001
  ★횡단 회수 automatic_sweep_program  max_age                      ← doc_bank_accounts_bank_accounts_(general)_031
  automatic_sweep_program        물어본문서  55(자기  8·횡단 47) · 빈칸 15 → 채움  2
  ★횡단 회수 emerald_saver            min_age                      ← doc_bank_accounts_bank_accounts_(general)_001
  ★횡단 회수 emerald_saver            max_age                      ← doc_bank_accounts_bank_accounts_(general)_031
  emerald_saver                  물어본문서  55(자기  8·횡단 47) · 빈칸 12 → 채움  2
  ★횡단 회수 joint_business_holders_+ min_age                      ← doc_bank_accounts_bank_accounts_(general)_001
  joint_business_holders_+_user_ 물어본문서  56(자기  9·횡단 47) · 빈칸 16 → 채움  2
  ★횡단 회수 silver_saver_account     min_age                      ← doc_bank_accounts_bank_accounts_(general)_001
  ★횡단 회수 silver_saver_account     max_age                      ← doc_bank_accounts_bank_accounts_(general)_031
  silver_saver_account           물어본문서  55(자기  8·횡단 47) · 빈칸 13 → 채움  3
  ★횡단 회수 credit_card_replacements min_age                      ← doc_credit_cards_credit_cards_(general)_015
  ★횡단 회수 credit_card_replacements max_age                      ← doc_bank_accounts_bank_accounts_(general)_031
  credit_card_replacements       물어본문서  77(자기  5·횡단 72) · 빈칸 16 → 채움  2
  ★횡단 회수 diamond_elite_card       min_age                      ← doc_credit_cards_credit_cards_(general)_015
  ★횡단 회수 diamond_elite_card       max_age                      ← doc_bank_accounts_bank_accounts_(general)_031
  diamond_elite_card             물어본문서  81(자기  9·횡단 72) · 빈칸 15 → 채움  2
  ★횡단 회수 platinum_rewards_card    min_age                      ← doc_credit_cards_credit_cards_(general)_015
  ★횡단 회수 platinum_rewards_card    max_age                      ← doc_bank_accounts_bank_accounts_(general)_031
  platinum_rewards_card          물어본문서  82(자기 10·횡단 72) · 빈칸 16 → 채움  3
  ★횡단 회수 business_bronze_rewards_ min_age                      ← doc_bank_accounts_bank_accounts_(general)_001
  ★횡단 회수 business_bronze_rewards_ max_age                      ← doc_bank_accounts_bank_accounts_(general)_031
  business_bronze_rewards_card   물어본문서  58(자기 11·횡단 47) · 빈칸 16 → 채움  3
  ★횡단 회수 business_silver_rewards_ min_age                      ← doc_bank_accounts_bank_accounts_(general)_001
  ★횡단 회수 business_silver_rewards_ max_age                      ← doc_bank_accounts_bank_accounts_(general)_031
  business_silver_rewards_card   물어본문서  60(자기 13·횡단 47) · 빈칸 16 → 채움  3
  ★횡단 회수 virtual_card_management@ min_age                      ← doc_bank_accounts_bank_accounts_(general)_001
  ★횡단 회수 virtual_card_management@ max_age                      ← doc_bank_accounts_bank_accounts_(general)_031
  virtual_card_management@busine 물어본문서  57(자기 10·횡단 47) · 빈칸 16 → 채움  2

채움 53 · 미기재 확정 194 · {'횡단 문서 있는 클래스': 19, '횡단 문서에서 회수': 35}
→ /home/woori/workspace_common/boltzmann-attention-pi/reports/facet_rft_2026/x430_account_facts_llm_corpuswide_s1.json
